// Jest Snapshot v1, https://goo.gl/fbAQLP

exports[`tests for <FormSection /> should match SnapShot 1`] = `
<FormSection
  description=""
  id="test"
  title="test"
>
  <div
    className="md-form__section"
  >
    <FormInfo
      description=""
      title="test"
    >
      <div
        className="section__info"
      >
        <h4
          className="section__title"
        >
          test
        </h4>
      </div>
    </FormInfo>
    <FormContent>
      <div
        className="section__content"
      />
    </FormContent>
  </div>
</FormSection>
`;
