// Jest Snapshot v1, https://goo.gl/fbAQLP

exports[`tests for <Avatar /> should match SnapShot 1`] = `
<Avatar
  alt=""
  backgroundColor=""
  buttonClassName=""
  className={null}
  color=""
  failureBadge={false}
  hasNotification={false}
  hideDefaultTooltip={false}
  icon={null}
  initials={null}
  isDecrypting={false}
  isOverview={false}
  onClick={null}
  size="medium"
  src={null}
  theme={null}
  title={null}
  type=""
>
  <div
    className="md-avatar md-avatar--medium"
    title={null}
  />
</Avatar>
`;
