// Jest Snapshot v1, https://goo.gl/fbAQLP

exports[`tests for <AlertCallContainer /> should match SnapShot 1`] = `
<AlertCallContainer>
  <div
    className="md-alert__container md-alert__container--call"
  />
</AlertCallContainer>
`;
