// Jest Snapshot v1, https://goo.gl/fbAQLP

exports[`<SidebarFooter /> should render a SidebarFooter 1`] = `
<SidebarFooter
  className=""
  navSectionTitle="Overview"
>
  <div
    className="md-sidebar__footer"
    navSectionTitle="Overview"
  />
</SidebarFooter>
`;
