// Jest Snapshot v1, https://goo.gl/fbAQLP

exports[`tests for <TabPane /> should match SnapShot 1`] = `
<TabPane
  active={false}
>
  <div
    className="md-tab__pane"
  >
    <div
      className="md-tab__content"
    />
  </div>
</TabPane>
`;
