// Jest Snapshot v1, https://goo.gl/fbAQLP

exports[`<ThemeProvider /> snapshot should match snapshot 1`] = `
<ThemeProvider
  theme="test"
>
  <div
    className="md-theme-provider md-theme-test"
  />
</ThemeProvider>
`;
