// Jest Snapshot v1, https://goo.gl/fbAQLP

exports[`tests for <Link /> should match SnapShot 1`] = `
<Link
  className=""
  color="blue"
  disabled={false}
  tag="a"
  theme=""
>
  <a
    className="md-link md-link--blue"
    disabled={false}
    tabIndex={0}
  >
    <div
      className="child"
    />
  </a>
</Link>
`;
