// Jest Snapshot v1, https://goo.gl/fbAQLP

exports[`tests for <InputMessage /> should match text SnapShot 1`] = `
<InputMessage
  message="test"
>
  <div
    className="md-input__message"
    role="alert"
  >
    test
  </div>
</InputMessage>
`;
